\BOOKMARK [1][-]{section.1}{\376\377\000N\000o\000t\000a\000t\000i\000o\000n}{}% 1
\BOOKMARK [1][-]{section.2}{\376\377\000I\000n\000t\000r\000o\000d\000u\000c\000t\000i\000o\000n}{}% 2
\BOOKMARK [2][-]{subsection.2.1}{\376\377\000C\000o\000n\000t\000e\000x\000t\000\040\000a\000n\000d\000\040\000r\000e\000s\000e\000a\000r\000c\000h\000\040\000g\000a\000p}{section.2}% 3
\BOOKMARK [2][-]{subsection.2.2}{\376\377\000R\000e\000l\000a\000t\000e\000d\000\040\000w\000o\000r\000k\000\040\000a\000n\000d\000\040\000n\000o\000v\000e\000l\000t\000y}{section.2}% 4
\BOOKMARK [2][-]{subsection.2.3}{\376\377\000F\000i\000l\000t\000e\000r\000\040\000s\000p\000e\000c\000i\000f\000i\000c\000a\000t\000i\000o\000n\000\040\000a\000n\000d\000\040\000a\000s\000s\000u\000m\000p\000t\000i\000o\000n\000s}{section.2}% 5
\BOOKMARK [2][-]{subsection.2.4}{\376\377\000E\000x\000p\000e\000r\000i\000m\000e\000n\000t\000a\000l\000\040\000s\000t\000r\000u\000c\000t\000u\000r\000e}{section.2}% 6
\BOOKMARK [1][-]{section.3}{\376\377\000T\000i\000e\000r\000\040\0001\000:\000\040\000V\000a\000l\000i\000d\000a\000t\000i\000n\000g\000\040\000t\000h\000e\000\040\000i\000n\000v\000e\000r\000s\000e\000-\000M\000C\000\040\000e\000s\000t\000i\000m\000a\000t\000o\000r\000\040\000i\000n\000s\000i\000d\000e\000\040\000t\000h\000e\000\040\000f\000i\000l\000t\000e\000r}{}% 7
\BOOKMARK [1][-]{section.4}{\376\377\000T\000i\000e\000r\000\040\0002\000:\000\040\000C\000o\000n\000t\000r\000o\000l\000l\000e\000d\000\040\000v\000a\000l\000i\000d\000a\000t\000i\000o\000n\000\040\000o\000f\000\040\000t\000h\000e\000\040\000f\000i\000l\000t\000e\000r\000\040\000i\000n\000\040\000S\000U\000M\000O}{}% 8
\BOOKMARK [2][-]{subsection.4.1}{\376\377\000M\000o\000t\000i\000v\000a\000t\000i\000o\000n}{section.4}% 9
\BOOKMARK [2][-]{subsection.4.2}{\376\377\000M\000e\000t\000h\000o\000d}{section.4}% 10
\BOOKMARK [3][-]{subsubsection.4.2.1}{\376\377\000S\000c\000e\000n\000a\000r\000i\000o\000\040\000c\000o\000n\000s\000t\000r\000u\000c\000t\000i\000o\000n}{subsection.4.2}% 11
\BOOKMARK [2][-]{subsection.4.3}{\376\377\000R\000e\000s\000u\000l\000t\000s}{section.4}% 12
\BOOKMARK [3][-]{subsubsection.4.3.1}{\376\377\000S\000i\000n\000g\000l\000e\000-\000s\000e\000e\000d\000\040\000r\000e\000s\000u\000l\000t\000:\000\040\000f\000e\000a\000t\000u\000r\000e\000s\000\040\000a\000n\000d\000\040\000t\000h\000e\000\040\000i\000n\000v\000e\000r\000s\000e\000\040\000f\000i\000t}{subsection.4.3}% 13
\BOOKMARK [3][-]{subsubsection.4.3.2}{\376\377\000M\000u\000l\000t\000i\000-\000s\000e\000e\000d\000\040\000v\000a\000l\000i\000d\000a\000t\000i\000o\000n\000:\000\040\000c\000h\000a\000i\000n\000\040\000r\000e\000c\000o\000v\000e\000r\000y\000\040\000i\000s\000\040\000r\000o\000b\000u\000s\000t\000,\000\040\000d\000e\000t\000e\000c\000t\000i\000o\000n\000\040\000A\000U\000C\000\040\000i\000s\000\040\000n\000o\000t}{subsection.4.3}% 14
\BOOKMARK [3][-]{subsubsection.4.3.3}{\376\377\000H\000i\000g\000h\000e\000r\000-\000o\000r\000d\000e\000r\000\040\000m\000e\000m\000o\000r\000y\000\040\000d\000i\000a\000g\000n\000o\000s\000t\000i\000c\000:\000\040\000a\000\040\000r\000e\000g\000u\000l\000a\000r\000i\000s\000e\000d\000\040\0002\000-\000s\000t\000e\000p\000\040\000e\000m\000p\000i\000r\000i\000c\000a\000l\000\040\000l\000i\000f\000t\000s\000\040\000t\000h\000e\000\040\000r\000e\000f\000e\000r\000e\000n\000c\000e}{subsection.4.3}% 15
\BOOKMARK [3][-]{subsubsection.4.3.4}{\376\377\000T\000r\000a\000j\000e\000c\000t\000o\000r\000y\000-\000l\000e\000n\000g\000t\000h\000\040\000s\000w\000e\000e\000p\000:\000\040\000l\000i\000f\000t\000i\000n\000g\000\040\000t\000h\000e\000\040\000r\000e\000f\000e\000r\000e\000n\000c\000e\000\040\000a\000n\000d\000\040\000t\000h\000e\000\040\000d\000e\000t\000e\000c\000t\000o\000r\000\040\000t\000o\000g\000e\000t\000h\000e\000r}{subsection.4.3}% 16
\BOOKMARK [3][-]{subsubsection.4.3.5}{\376\377\000T\000h\000e\000\040\000f\000+\000g\000\040\000e\000x\000t\000e\000n\000s\000i\000o\000n\000\040\000a\000t\000\040\000s\000c\000a\000l\000e\000:\000\040\000a\000\040\000r\000e\000f\000i\000n\000e\000d\000\040\000d\000i\000a\000g\000n\000o\000s\000i\000s}{subsection.4.3}% 17
\BOOKMARK [2][-]{subsection.4.4}{\376\377\000I\000n\000t\000e\000r\000p\000r\000e\000t\000a\000t\000i\000o\000n}{section.4}% 18
\BOOKMARK [1][-]{section.5}{\376\377\000T\000i\000e\000r\000\040\0003\000:\000\040\000R\000e\000a\000l\000-\000w\000o\000r\000l\000d\000\040\000s\000t\000r\000e\000s\000s\000\040\000t\000e\000s\000t\000\040\000o\000f\000\040\000t\000h\000e\000\040\000f\000i\000l\000t\000e\000r\000\040\000u\000n\000d\000e\000r\000\040\000O\000D\000\040\000c\000o\000n\000f\000o\000u\000n\000d\000i\000n\000g}{}% 19
\BOOKMARK [2][-]{subsection.5.1}{\376\377\000M\000o\000t\000i\000v\000a\000t\000i\000o\000n}{section.5}% 20
\BOOKMARK [2][-]{subsection.5.2}{\376\377\000M\000e\000t\000h\000o\000d}{section.5}% 21
\BOOKMARK [3][-]{subsubsection.5.2.1}{\376\377\000D\000a\000t\000a\000s\000e\000t\000\040\000c\000h\000o\000i\000c\000e}{subsection.5.2}% 22
\BOOKMARK [3][-]{subsubsection.5.2.2}{\376\377\000V\000e\000r\000i\000f\000i\000c\000a\000t\000i\000o\000n\000:\000\040\000r\000o\000u\000t\000e\000\040\000l\000e\000g\000a\000l\000i\000t\000y\000\040\000a\000n\000d\000\040\000t\000i\000m\000e\000-\000o\000f\000-\000d\000a\000y\000\040\000d\000i\000s\000t\000r\000i\000b\000u\000t\000i\000o\000n}{subsection.5.2}% 23
\BOOKMARK [3][-]{subsubsection.5.2.3}{\376\377\000T\000h\000e\000\040\000f\000u\000n\000d\000a\000m\000e\000n\000t\000a\000l\000\040\000r\000e\000a\000l\000-\000w\000o\000r\000l\000d\000\040\000g\000a\000p\000:\000\040\000n\000o\000\040\000g\000r\000o\000u\000n\000d\000-\000t\000r\000u\000t\000h\000\040\000s\000a\000t\000-\000n\000a\000v\000\040\000l\000a\000b\000e\000l}{subsection.5.2}% 24
\BOOKMARK [2][-]{subsection.5.3}{\376\377\000R\000e\000s\000u\000l\000t\000s}{section.5}% 25
\BOOKMARK [3][-]{subsubsection.5.3.1}{\376\377\000R\000u\000s\000h\000-\000v\000s\000-\000o\000f\000f\000-\000p\000e\000a\000k\000\040\000r\000e\000s\000u\000l\000t\000s}{subsection.5.3}% 26
\BOOKMARK [3][-]{subsubsection.5.3.2}{\376\377\000S\000t\000r\000o\000n\000g\000e\000r\000-\000p\000r\000o\000x\000y\000\040\000s\000t\000r\000e\000s\000s\000\040\000t\000e\000s\000t\000:\000\040\000L\000a\000b\000o\000u\000r\000\040\000D\000a\000y\000\040\000v\000e\000r\000s\000u\000s\000\040\000n\000o\000r\000m\000a\000l\000\040\000d\000a\000y\000s}{subsection.5.3}% 27
\BOOKMARK [2][-]{subsection.5.4}{\376\377\000I\000n\000t\000e\000r\000p\000r\000e\000t\000a\000t\000i\000o\000n}{section.5}% 28
\BOOKMARK [3][-]{subsubsection.5.4.1}{\376\377\000M\000u\000l\000t\000i\000s\000t\000a\000r\000t\000\040\000o\000n\000\040\000f\000e\000a\000t\000u\000r\000e\000s\000=\000r\000e\000a\000l\000:\000\040\000t\000h\000e\000\040\000c\000e\000i\000l\000i\000n\000g\000\040\000v\000i\000o\000l\000a\000t\000i\000o\000n\000\040\000i\000s\000\040\000a\000n\000\040\000o\000p\000t\000i\000m\000i\000s\000e\000r\000\040\000a\000r\000t\000e\000f\000a\000c\000t}{subsection.5.4}% 29
\BOOKMARK [3][-]{subsubsection.5.4.2}{\376\377\000B\000o\000t\000t\000o\000m\000\040\000l\000i\000n\000e\000\040\000f\000o\000r\000\040\000T\000i\000e\000r\000\040\0003}{subsection.5.4}% 30
\BOOKMARK [1][-]{section.6}{\376\377\000D\000i\000s\000c\000u\000s\000s\000i\000o\000n}{}% 31
\BOOKMARK [2][-]{subsection.6.1}{\376\377\000C\000r\000o\000s\000s\000-\000t\000i\000e\000r\000\040\000c\000o\000m\000p\000a\000r\000i\000s\000o\000n}{section.6}% 32
\BOOKMARK [2][-]{subsection.6.2}{\376\377\000L\000i\000m\000i\000t\000s\000\040\000o\000f\000\040\000t\000h\000e\000\040\000c\000h\000o\000s\000e\000n\000\040\000a\000p\000p\000r\000o\000a\000c\000h}{section.6}% 33
\BOOKMARK [2][-]{subsection.6.3}{\376\377\000S\000o\000c\000i\000a\000l\000,\000\040\000e\000n\000v\000i\000r\000o\000n\000m\000e\000n\000t\000a\000l\000,\000\040\000t\000e\000c\000h\000n\000o\000l\000o\000g\000i\000c\000a\000l\000\040\000i\000m\000p\000l\000i\000c\000a\000t\000i\000o\000n\000s}{section.6}% 34
\BOOKMARK [2][-]{subsection.6.4}{\376\377\000F\000u\000t\000u\000r\000e\000\040\000w\000o\000r\000k}{section.6}% 35
\BOOKMARK [1][-]{section.7}{\376\377\000C\000o\000n\000c\000l\000u\000s\000i\000o\000n}{}% 36
\BOOKMARK [1][-]{section.8}{\376\377\000P\000r\000o\000j\000e\000c\000t\000\040\000M\000a\000n\000a\000g\000e\000m\000e\000n\000t\000\040\000a\000n\000d\000\040\000R\000e\000f\000l\000e\000c\000t\000i\000o\000n}{}% 37
\BOOKMARK [2][-]{subsection.8.1}{\376\377\000P\000r\000o\000j\000e\000c\000t\000\040\000s\000t\000r\000u\000c\000t\000u\000r\000e\000\040\000a\000n\000d\000\040\000m\000i\000l\000e\000s\000t\000o\000n\000e\000\040\000m\000a\000n\000a\000g\000e\000m\000e\000n\000t}{section.8}% 38
\BOOKMARK [2][-]{subsection.8.2}{\376\377\000P\000e\000r\000s\000o\000n\000a\000l\000\040\000s\000k\000i\000l\000l\000\040\000d\000e\000v\000e\000l\000o\000p\000m\000e\000n\000t}{section.8}% 39
\BOOKMARK [1][-]{appendix.A}{\376\377\000R\000e\000p\000o\000s\000i\000t\000o\000r\000y\000\040\000s\000t\000r\000u\000c\000t\000u\000r\000e\000\040\000a\000n\000d\000\040\000r\000e\000p\000r\000o\000d\000u\000c\000i\000b\000i\000l\000i\000t\000y}{}% 40
\BOOKMARK [1][-]{appendix.B}{\376\377\000U\000s\000e\000\040\000o\000f\000\040\000g\000e\000n\000e\000r\000a\000t\000i\000v\000e\000\040\000A\000I}{}% 41
\BOOKMARK [1][-]{appendix.C}{\376\377\000S\000o\000l\000v\000e\000r\000\040\000p\000r\000o\000f\000i\000l\000i\000n\000g\000\040\000f\000o\000r\000\040\000t\000h\000e\000\040\000f\000+\000g\000\040\000e\000x\000t\000e\000n\000s\000i\000o\000n}{}% 42
\BOOKMARK [1][-]{appendix.D}{\376\377\000T\000i\000e\000r\000\040\0001\000\040\000s\000y\000n\000t\000h\000e\000t\000i\000c\000\040\000r\000e\000p\000r\000o\000d\000u\000c\000t\000i\000o\000n\000\040\000d\000e\000t\000a\000i\000l\000s}{}% 43
\BOOKMARK [1][-]{appendix.E}{\376\377\000T\000i\000e\000r\000\040\0002\000\040\000m\000u\000l\000t\000i\000s\000t\000a\000r\000t\000\040\000b\000a\000s\000i\000n\000\040\000c\000h\000e\000c\000k}{}% 44
\BOOKMARK [1][-]{appendix.F}{\376\377\000T\000i\000e\000r\000\040\0002\000\040\000s\000a\000t\000-\000n\000a\000v\000i\000g\000a\000t\000i\000o\000n\000\040\000v\000e\000r\000s\000u\000s\000\040\000c\000o\000n\000g\000e\000s\000t\000i\000o\000n\000\040\000d\000e\000c\000o\000m\000p\000o\000s\000i\000t\000i\000o\000n}{}% 45
\BOOKMARK [1][-]{appendix.G}{\376\377\000B\000u\000i\000l\000d\000\040\000a\000n\000d\000\040\000r\000e\000p\000r\000o\000d\000u\000c\000i\000b\000i\000l\000i\000t\000y}{}% 46
\BOOKMARK [1][-]{appendix.H}{\376\377\000M\000e\000t\000r\000i\000c\000\040\000a\000n\000d\000\040\000m\000e\000t\000h\000o\000d\000\040\000p\000r\000i\000m\000e\000r}{}% 47
\BOOKMARK [2][-]{subsection.H.1}{\376\377\000M\000a\000r\000k\000o\000v\000\040\000c\000h\000a\000i\000n\000\040\000a\000n\000d\000\040\000t\000r\000a\000n\000s\000i\000t\000i\000o\000n\000\040\000k\000e\000r\000n\000e\000l}{appendix.H}% 48
\BOOKMARK [2][-]{subsection.H.2}{\376\377\000S\000t\000a\000t\000i\000o\000n\000a\000r\000y\000\040\000d\000i\000s\000t\000r\000i\000b\000u\000t\000i\000o\000n\000,\000\040\000r\000e\000s\000t\000a\000r\000t\000\040\000p\000r\000o\000b\000a\000b\000i\000l\000i\000t\000y\000\040\000a\000n\000d\000\040\000h\000i\000t\000t\000i\000n\000g\000\040\000r\000a\000t\000e}{appendix.H}% 49
\BOOKMARK [2][-]{subsection.H.3}{\376\377\000I\000n\000v\000e\000r\000s\000e\000\040\000M\000a\000r\000k\000o\000v\000-\000c\000h\000a\000i\000n\000\040\000p\000r\000o\000b\000l\000e\000m}{appendix.H}% 50
\BOOKMARK [2][-]{subsection.H.4}{\376\377\000S\000o\000f\000t\000m\000a\000x\000-\000p\000a\000r\000a\000m\000e\000t\000r\000i\000c\000\040\000c\000h\000a\000i\000n}{appendix.H}% 51
\BOOKMARK [2][-]{subsection.H.5}{\376\377\000L\000o\000g\000-\000l\000i\000k\000e\000l\000i\000h\000o\000o\000d\000\040\000r\000a\000t\000i\000o\000\040\000s\000c\000o\000r\000e}{appendix.H}% 52
\BOOKMARK [2][-]{subsection.H.6}{\376\377\000R\000O\000C\000\040\000c\000u\000r\000v\000e\000\040\000a\000n\000d\000\040\000A\000U\000C}{appendix.H}% 53
\BOOKMARK [2][-]{subsection.H.7}{\376\377\000P\000e\000a\000r\000s\000o\000n\000\040\000c\000o\000r\000r\000e\000l\000a\000t\000i\000o\000n}{appendix.H}% 54
\BOOKMARK [2][-]{subsection.H.8}{\376\377\000C\000o\000s\000i\000n\000e\000\040\000s\000i\000m\000i\000l\000a\000r\000i\000t\000y\000\040\000a\000n\000d\000\040\000c\000o\000l\000l\000i\000n\000e\000a\000r\000i\000t\000y}{appendix.H}% 55
\BOOKMARK [2][-]{subsection.H.9}{\376\377\000O\000D\000\040\000m\000a\000t\000c\000h\000i\000n\000g\000\040\000/\000\040\000O\000D\000\040\000r\000e\000b\000a\000l\000a\000n\000c\000i\000n\000g}{appendix.H}% 56
\BOOKMARK [2][-]{subsection.H.10}{\376\377\000B\000o\000o\000t\000s\000t\000r\000a\000p\000\040\000c\000o\000n\000f\000i\000d\000e\000n\000c\000e\000\040\000i\000n\000t\000e\000r\000v\000a\000l}{appendix.H}% 57
\BOOKMARK [2][-]{subsection.H.11}{\376\377\000L\000-\000B\000F\000G\000S\000-\000B\000\040\000o\000p\000t\000i\000m\000i\000s\000e\000r\000,\000\040\000b\000a\000s\000i\000n\000s\000\040\000a\000n\000d\000\040\000m\000u\000l\000t\000i\000s\000t\000a\000r\000t}{appendix.H}% 58
\BOOKMARK [2][-]{subsection.H.12}{\376\377\000R\000i\000d\000g\000e\000\040\000r\000e\000g\000u\000l\000a\000r\000i\000s\000a\000t\000i\000o\000n\000\040\000a\000n\000d\000\040\000f\000i\000n\000i\000t\000e\000-\000d\000i\000f\000f\000e\000r\000e\000n\000c\000e\000\040\000g\000r\000a\000d\000i\000e\000n\000t\000\040\000c\000h\000e\000c\000k\000s}{appendix.H}% 59
\BOOKMARK [2][-]{subsection.H.13}{\376\377\000G\000a\000p\000\040\000c\000l\000o\000s\000e\000d}{appendix.H}% 60
\BOOKMARK [2][-]{subsection.H.14}{\376\377\000R\000M\000A\000E}{appendix.H}% 61
